// Jest Snapshot v1, https://goo.gl/fbAQLP

exports[`Pruebas para <GifItem/> Debe hacer match con el snapshot 1`] = `
<div>
  <div
    class="card"
  >
    <img
      alt="Gif"
      src="https://vitejs.dev/logo-with-shadow.png"
    />
    <p>
      Gif
    </p>
  </div>
</div>
`;
